// Jest Snapshot v1, https://goo.gl/fbAQLP

exports[`should render Day correctly with no entries 1`] = `
<td
  className="hours-td"
>
  <Component
    dayOfWeek="Tuesday"
    entries={Array []}
  />
</td>
`;
