// Jest Snapshot v1, https://goo.gl/fbAQLP

exports[`should render Hours correctly with no entries 1`] = `[Function]`;
