// Jest Snapshot v1, https://goo.gl/fbAQLP

exports[`should render Entries with two timesheet entries 1`] = `[Function]`;
