// Jest Snapshot v1, https://goo.gl/fbAQLP

exports[`should render WeekMenu 1`] = `[Function]`;
