// Jest Snapshot v1, https://goo.gl/fbAQLP

exports[`should render Week with two timesheet entries 1`] = `ReactWrapper {}`;
